>>> Rectangle = __import__('1-rectangle').Rectangle


>>> my_rectangle = Rectangle(2, 4)
>>> print(my_rectangle.__dict__)
{'_Rectangle__width': 2, '_Rectangle__height': 4}

>>> myrectangle = Rectangle(-2, -3)
Traceback (most recent call last):
...
ValueError: width must be a positive value

>>> myrectangle = Rectangle(None, 3)
Traceback (most recent call last):
...
TypeError: width must be an integer

>>> print(myrectangle.__dict__)
{'_Rectangle__width': None, '_Rectangle__height': 3}
